0 verbose cli C:\Program Files\nodejs\node.exe C:\Program Files\nodejs\node_modules\npm\bin\npm-cli.js
1 info using npm@11.16.0
2 info using node@v24.18.0
3 silly config load:file:C:\Program Files\nodejs\node_modules\npm\npmrc
4 silly config load:file:D:\Axion\dashboard\.npmrc
5 silly config load:file:C:\Users\ADMIN\.npmrc
6 silly config load:file:C:\Users\ADMIN\AppData\Roaming\npm\etc\npmrc
7 verbose title npm install loupe@3.2.1
8 verbose argv "install" "--save-dev" "loupe@3.2.1" "--force" "--cache" ".npm-cache"
9 verbose logfile logs-max:10 dir:D:\Axion\dashboard\.npm-cache\_logs\2026-07-30T17_29_52_110Z-
10 verbose logfile D:\Axion\dashboard\.npm-cache\_logs\2026-07-30T17_29_52_110Z-debug-0.log
11 warn using --force Recommended protections disabled.
12 silly logfile done cleaning log files
13 silly packumentCache heap:4496293888 maxSize:1124073472 maxEntrySize:562036736
14 silly idealTree buildDeps
15 silly fetch manifest loupe@3.2.1
16 silly packumentCache full:https://registry.npmjs.org/loupe cache-miss
17 http fetch GET 200 https://registry.npmjs.org/loupe 1958ms (cache revalidated)
18 silly packumentCache full:https://registry.npmjs.org/loupe set size:150836 disposed:false
19 silly placeDep ROOT loupe@3.2.1 REPLACE for: axion-skilltree-dashboard@1.0.0 want: 3.2.1
20 silly fetch manifest call-bind-apply-helpers@^1.0.2
21 silly packumentCache full:https://registry.npmjs.org/call-bind-apply-helpers cache-miss
22 http fetch GET 200 https://registry.npmjs.org/call-bind-apply-helpers 273ms (cache revalidated)
23 silly packumentCache full:https://registry.npmjs.org/call-bind-apply-helpers set size:12744 disposed:false
24 silly placeDep node_modules/call-bound call-bind-apply-helpers@1.0.2 OK for: call-bound@1.0.4 want: ^1.0.2
25 silly fetch manifest es-errors@^1.3.0
26 silly packumentCache full:https://registry.npmjs.org/es-errors cache-miss
27 silly fetch manifest function-bind@^1.1.2
28 silly packumentCache full:https://registry.npmjs.org/function-bind cache-miss
29 http fetch GET 200 https://registry.npmjs.org/es-errors 351ms (cache revalidated)
30 silly packumentCache full:https://registry.npmjs.org/es-errors set size:16918 disposed:false
31 http fetch GET 200 https://registry.npmjs.org/function-bind 468ms (cache revalidated)
32 silly packumentCache full:https://registry.npmjs.org/function-bind set size:15733 disposed:false
33 silly fetch manifest glob-parent@~5.1.2
34 silly packumentCache full:https://registry.npmjs.org/glob-parent cache-miss
35 http fetch GET 200 https://registry.npmjs.org/glob-parent 238ms (cache revalidated)
36 silly packumentCache full:https://registry.npmjs.org/glob-parent set size:42445 disposed:false
37 silly placeDep node_modules/chokidar glob-parent@5.1.2 REPLACE for: chokidar@3.6.0 want: ~5.1.2
38 silly placeDep node_modules/data-view-buffer es-errors@1.3.0 OK for: data-view-buffer@1.0.2 want: ^1.3.0
39 silly placeDep node_modules/data-view-byte-length es-errors@1.3.0 OK for: data-view-byte-length@1.0.2 want: ^1.3.0
40 silly placeDep node_modules/data-view-byte-offset es-errors@1.3.0 OK for: data-view-byte-offset@1.0.1 want: ^1.3.0
41 silly placeDep node_modules/define-data-property es-errors@1.3.0 OK for: define-data-property@1.1.4 want: ^1.3.0
42 silly fetch manifest call-bind-apply-helpers@^1.0.1
43 silly packumentCache full:https://registry.npmjs.org/call-bind-apply-helpers cache-hit
44 silly placeDep node_modules/dunder-proto call-bind-apply-helpers@1.0.2 OK for: dunder-proto@1.0.1 want: ^1.0.1
45 silly placeDep node_modules/dunder-proto es-errors@1.3.0 OK for: dunder-proto@1.0.1 want: ^1.3.0
46 silly fetch manifest has-tostringtag@^1.0.2
47 silly packumentCache full:https://registry.npmjs.org/has-tostringtag cache-miss
48 http fetch GET 200 https://registry.npmjs.org/has-tostringtag 180ms (cache revalidated)
49 silly packumentCache full:https://registry.npmjs.org/has-tostringtag set size:13945 disposed:false
50 silly placeDep node_modules/es-set-tostringtag es-errors@1.3.0 OK for: es-set-tostringtag@2.1.0 want: ^1.3.0
51 silly placeDep node_modules/es-set-tostringtag has-tostringtag@1.0.2 OK for: es-set-tostringtag@2.1.0 want: ^1.0.2
52 silly fetch manifest has-symbols@^1.0.3
53 silly packumentCache full:https://registry.npmjs.org/has-symbols cache-miss
54 http fetch GET 200 https://registry.npmjs.org/has-symbols 447ms (cache revalidated)
55 silly packumentCache full:https://registry.npmjs.org/has-symbols set size:21550 disposed:false
56 silly fetch manifest debug@^3.2.7
57 silly packumentCache full:https://registry.npmjs.org/debug cache-miss
58 http fetch GET 200 https://registry.npmjs.org/debug 248ms (cache revalidated)
59 silly packumentCache full:https://registry.npmjs.org/debug set size:195840 disposed:false
60 silly fetch manifest is-core-module@^2.16.1
61 silly packumentCache full:https://registry.npmjs.org/is-core-module cache-miss
62 http fetch GET 200 https://registry.npmjs.org/is-core-module 230ms (cache revalidated)
63 silly packumentCache full:https://registry.npmjs.org/is-core-module set size:74378 disposed:false
64 silly fetch manifest resolve@^2.0.0-next.6
65 silly packumentCache full:https://registry.npmjs.org/resolve cache-miss
66 http fetch GET 200 https://registry.npmjs.org/resolve 344ms (cache revalidated)
67 silly packumentCache full:https://registry.npmjs.org/resolve set size:244568 disposed:false
68 silly placeDep node_modules/eslint-import-resolver-node debug@3.2.7 REPLACE for: eslint-import-resolver-node@0.3.10 want: ^3.2.7
69 silly placeDep node_modules/eslint-import-resolver-node is-core-module@2.16.2 OK for: eslint-import-resolver-node@0.3.10 want: ^2.16.1
70 silly placeDep node_modules/eslint-import-resolver-node resolve@2.0.0-next.7 OK for: eslint-import-resolver-node@0.3.10 want: ^2.0.0-next.6
71 silly fetch manifest node-exports-info@^1.6.0
72 silly packumentCache full:https://registry.npmjs.org/node-exports-info cache-miss
73 http fetch GET 200 https://registry.npmjs.org/node-exports-info 130ms (cache revalidated)
74 silly packumentCache full:https://registry.npmjs.org/node-exports-info set size:69480 disposed:false
75 silly fetch manifest es-object-atoms@^1.1.1
76 silly packumentCache full:https://registry.npmjs.org/es-object-atoms cache-miss
77 http fetch GET 200 https://registry.npmjs.org/es-object-atoms 154ms (cache revalidated)
78 silly packumentCache full:https://registry.npmjs.org/es-object-atoms set size:18278 disposed:false
79 silly fetch manifest has-symbols@^1.1.0
80 silly packumentCache full:https://registry.npmjs.org/has-symbols cache-hit
81 silly fetch manifest math-intrinsics@^1.1.0
82 silly packumentCache full:https://registry.npmjs.org/math-intrinsics cache-miss
83 http fetch GET 200 https://registry.npmjs.org/math-intrinsics 335ms (cache revalidated)
84 silly packumentCache full:https://registry.npmjs.org/math-intrinsics set size:9265 disposed:false
85 silly placeDep node_modules/get-intrinsic call-bind-apply-helpers@1.0.2 OK for: get-intrinsic@1.3.0 want: ^1.0.2
86 silly placeDep node_modules/get-intrinsic es-errors@1.3.0 OK for: get-intrinsic@1.3.0 want: ^1.3.0
87 silly placeDep node_modules/get-intrinsic es-object-atoms@1.1.2 OK for: get-intrinsic@1.3.0 want: ^1.1.1
88 silly placeDep node_modules/get-intrinsic function-bind@1.1.2 OK for: get-intrinsic@1.3.0 want: ^1.1.2
89 silly placeDep node_modules/get-intrinsic has-symbols@1.1.0 OK for: get-intrinsic@1.3.0 want: ^1.1.0
90 silly placeDep node_modules/get-intrinsic math-intrinsics@1.1.0 OK for: get-intrinsic@1.3.0 want: ^1.1.0
91 silly fetch manifest es-object-atoms@^1.0.0
92 silly packumentCache full:https://registry.npmjs.org/es-object-atoms cache-hit
93 silly placeDep node_modules/get-proto es-object-atoms@1.1.2 OK for: get-proto@1.0.1 want: ^1.0.0
94 silly placeDep node_modules/get-symbol-description es-errors@1.3.0 OK for: get-symbol-description@1.1.0 want: ^1.3.0
95 silly placeDep node_modules/hasown function-bind@1.1.2 OK for: hasown@2.0.4 want: ^1.1.2
96 silly fetch manifest call-bind@^1.0.8
97 silly packumentCache full:https://registry.npmjs.org/call-bind cache-miss
98 http fetch GET 200 https://registry.npmjs.org/call-bind 156ms (cache revalidated)
99 silly packumentCache full:https://registry.npmjs.org/call-bind set size:32985 disposed:false
100 silly placeDep node_modules/is-array-buffer call-bind@1.0.9 OK for: is-array-buffer@3.0.5 want: ^1.0.8
101 silly placeDep node_modules/is-async-function has-tostringtag@1.0.2 OK for: is-async-function@2.1.1 want: ^1.0.2
102 silly placeDep node_modules/is-boolean-object has-tostringtag@1.0.2 OK for: is-boolean-object@1.2.2 want: ^1.0.2
103 silly fetch manifest semver@^7.7.1
104 silly packumentCache full:https://registry.npmjs.org/semver cache-miss
105 http fetch GET 200 https://registry.npmjs.org/semver 294ms (cache revalidated)
106 silly packumentCache full:https://registry.npmjs.org/semver set size:246069 disposed:false
107 silly placeDep ROOT semver@7.8.5 OK for: is-bun-module@2.0.0 want: ^7.7.1
108 verbose stack TypeError: Invalid Version: 
108 verbose stack     at new SemVer (C:\Program Files\nodejs\node_modules\npm\node_modules\semver\classes\semver.js:40:13)
108 verbose stack     at compare (C:\Program Files\nodejs\node_modules\npm\node_modules\semver\functions\compare.js:5:32)
108 verbose stack     at Object.eq (C:\Program Files\nodejs\node_modules\npm\node_modules\semver\functions\eq.js:4:29)
108 verbose stack     at Node.canDedupe (C:\Program Files\nodejs\node_modules\npm\node_modules\@npmcli\arborist\lib\node.js:1137:32)
108 verbose stack     at PlaceDep.pruneDedupable (C:\Program Files\nodejs\node_modules\npm\node_modules\@npmcli\arborist\lib\place-dep.js:426:14)
108 verbose stack     at new PlaceDep (C:\Program Files\nodejs\node_modules\npm\node_modules\@npmcli\arborist\lib\place-dep.js:278:14)
108 verbose stack     at #buildDepStep (C:\Program Files\nodejs\node_modules\npm\node_modules\@npmcli\arborist\lib\arborist\build-ideal-tree.js:995:18)
108 verbose stack     at async Arborist.buildIdealTree (C:\Program Files\nodejs\node_modules\npm\node_modules\@npmcli\arborist\lib\arborist\build-ideal-tree.js:178:7)
108 verbose stack     at async Promise.all (index 1)
108 verbose stack     at async Arborist.reify (C:\Program Files\nodejs\node_modules\npm\node_modules\@npmcli\arborist\lib\arborist\reify.js:112:5)
109 error Invalid Version: 
110 silly unfinished npm timer reify 1785432593685
111 silly unfinished npm timer reify:loadTrees 1785432593687
112 silly unfinished npm timer idealTree:buildDeps 1785432594682
113 silly unfinished npm timer idealTree:node_modules/is-bun-module 1785432601237
114 verbose cwd D:\Axion\dashboard
115 verbose os Windows_NT 10.0.26200
116 verbose node v24.18.0
117 verbose npm  v11.16.0
118 verbose exit 1
119 verbose code 1
120 error A complete log of this run can be found in: D:\Axion\dashboard\.npm-cache\_logs\2026-07-30T17_29_52_110Z-debug-0.log
